test_creator_scope_restores_after_nested_children_and_exception (test_pencil_action_origin.PencilActionOriginTests.test_creator_scope_restores_after_nested_children_and_exception) ... ok
test_native_child_draw_refusal_and_memcpy_transfer_preserve_origin (test_pencil_action_origin.PencilActionOriginTests.test_native_child_draw_refusal_and_memcpy_transfer_preserve_origin) ... C:\Users\tjerf\AppData\Local\Temp\ipad-workspace-test-x1qz7a0u\test.cc:455:9: error: unknown type name 'uiIPadParentButtonScope'
  455 |   const uiIPadParentButtonScope parent_origin(handle->ipad_parent_button);
      |         ^
C:\Users\tjerf\AppData\Local\Temp\ipad-workspace-test-x1qz7a0u\test.cc:455:55: error: no member named 'ipad_parent_button' in 'uiPopupBlockHandle'
  455 |   const uiIPadParentButtonScope parent_origin(handle->ipad_parent_button);
      |                                               ~~~~~~  ^
C:\Users\tjerf\AppData\Local\Temp\ipad-workspace-test-x1qz7a0u\test.cc:459:15: error: no member named 'ipad_parent_button' in 'uiPopupBlockHandle'
  459 |   if (handle->ipad_parent_button.origin.present()) {
      |       ~~~~~~  ^
C:\Users\tjerf\AppData\Local\Temp\ipad-workspace-test-x1qz7a0u\test.cc:460:51: error: no member named 'ipad_parent_button' in 'uiPopupBlockHandle'
  460 |     but = ui_ipad_button_lease_resolve(C, handle->ipad_parent_button);
      |                                           ~~~~~~  ^
C:\Users\tjerf\AppData\Local\Temp\ipad-workspace-test-x1qz7a0u\test.cc:461:27: error: use of undeclared identifier 'ui_ipad_numbers_but_rebind'
  461 |     parent_valid = but && ui_ipad_numbers_but_rebind(but);
      |                           ^~~~~~~~~~~~~~~~~~~~~~~~~~
C:\Users\tjerf\AppData\Local\Temp\ipad-workspace-test-x1qz7a0u\test.cc:493:10: error: no member named 'ipad_parent_button' in 'uiBlock'
  493 |   block->ipad_parent_button = handle->ipad_parent_button;
      |   ~~~~~  ^
C:\Users\tjerf\AppData\Local\Temp\ipad-workspace-test-x1qz7a0u\test.cc:493:39: error: no member named 'ipad_parent_button' in 'uiPopupBlockHandle'
  493 |   block->ipad_parent_button = handle->ipad_parent_button;
      |                               ~~~~~~  ^
7 errors generated.
ERROR
test_native_refresh_copy_is_independent_and_context_or_tool_change_refuses (test_pencil_action_origin.PencilActionOriginTests.test_native_refresh_copy_is_independent_and_context_or_tool_change_refuses) ... ok
test_rebind_requires_live_native_lists_before_old_area_region_or_tool_access (test_pencil_action_origin.PencilActionOriginTests.test_rebind_requires_live_native_lists_before_old_area_region_or_tool_access) ... ok
test_root_populates_native_copyable_fields_without_changing_child_layout (test_pencil_action_origin.PencilActionOriginTests.test_root_populates_native_copyable_fields_without_changing_child_layout) ... ok
test_stale_refresh_cannot_draw_old_rna_or_install_unvalidated_context (test_pencil_action_origin.PencilActionOriginTests.test_stale_refresh_cannot_draw_old_rna_or_install_unvalidated_context) ... ok
test_native_barrel_home_resets_only_navigation_and_invalidates_old_contact (test_pencil_barrel_reset.PencilBarrelResetTests.test_native_barrel_home_resets_only_navigation_and_invalidates_old_contact) ... ok
test_native_conversion_copies_event_payload_and_uses_normal_event_cleanup (test_pencil_barrel_reset.PencilBarrelResetTests.test_native_conversion_copies_event_payload_and_uses_normal_event_cleanup) ... ok
test_only_pencil_barrel_callback_emits_home_and_canvas_right_click_is_retained (test_pencil_barrel_reset.PencilBarrelResetTests.test_only_pencil_barrel_callback_emits_home_and_canvas_right_click_is_retained) ... ok
test_queued_packet_guard_refuses_retired_replaced_forward_and_malformed_owners (test_pencil_barrel_reset.PencilBarrelResetTests.test_queued_packet_guard_refuses_retired_replaced_forward_and_malformed_owners) ... ok
test_squeeze_escape_deactivate_close_before_draw_gate_and_native_popup_owns_free (test_pencil_barrel_reset.PencilBarrelResetTests.test_squeeze_escape_deactivate_close_before_draw_gate_and_native_popup_owns_free) ... ok
test_allocators_do_not_wrap_and_native_type_copy_keeps_new_identity (test_pencil_button_lease.PencilButtonLeaseTests.test_allocators_do_not_wrap_and_native_type_copy_keeps_new_identity) ... ok
test_immediate_and_active_property_callbacks_cannot_continue_after_ui_rebuild (test_pencil_button_lease.PencilButtonLeaseTests.test_immediate_and_active_property_callbacks_cannot_continue_after_ui_rebuild) ... ok
test_popup_region_restore_only_reacquires_current_native_members (test_pencil_button_lease.PencilButtonLeaseTests.test_popup_region_restore_only_reacquires_current_native_members) ... ok
test_resolve_requires_fresh_live_button_and_popup_lifetimes (test_pencil_button_lease.PencilButtonLeaseTests.test_resolve_requires_fresh_live_button_and_popup_lifetimes) ... ok
test_admitted_callback_owner_pair_survives_native_block_refresh (test_pencil_callback_disposal.PencilCallbackDisposalTests.test_admitted_callback_owner_pair_survives_native_block_refresh) ... ok
test_native_begin_requires_audited_profile_and_balances_failed_capture (test_pencil_callback_disposal.PencilCallbackDisposalTests.test_native_begin_requires_audited_profile_and_balances_failed_capture) ... ok
test_native_mesh_validator_rejects_decode_pool_selection_and_cached_pointee_changes (test_pencil_callback_disposal.PencilCallbackDisposalTests.test_native_mesh_validator_rejects_decode_pool_selection_and_cached_pointee_changes) ... ok
test_native_profile_and_both_releases_are_connected_without_ui_mutating_callbacks (test_pencil_callback_disposal.PencilCallbackDisposalTests.test_native_profile_and_both_releases_are_connected_without_ui_mutating_callbacks) ... ok
test_shared_native_release_orders_owner_loss_and_exactly_once_disposal (test_pencil_callback_disposal.PencilCallbackDisposalTests.test_shared_native_release_orders_owner_loss_and_exactly_once_disposal) ... ok
test_actual_python_action_only_restores_current_native_header (test_pencil_native_fallback.PencilNativeFallbackTests.test_actual_python_action_only_restores_current_native_header) ... ok
test_native_close_is_value_only_and_precedes_deferred_ownership_transfer (test_pencil_native_fallback.PencilNativeFallbackTests.test_native_close_is_value_only_and_precedes_deferred_ownership_transfer) ... ok
test_transform_and_brush_offer_fallback_before_broader_property_draw (test_pencil_native_fallback.PencilNativeFallbackTests.test_transform_and_brush_offer_fallback_before_broader_property_draw) ... ok
test_owned_wrapper_keeps_native_tool_styling_without_reclassifying_other_buttons (test_pencil_native_tool_style.PencilNativeToolStyleTests.test_owned_wrapper_keeps_native_tool_styling_without_reclassifying_other_buttons) ... ok
test_array_clipboard_and_activation_recheck_pending_storage (test_pencil_numbers.PencilNumbersTests.test_array_clipboard_and_activation_recheck_pending_storage) ... ok
test_binding_is_bounded_to_static_numbers_fields_and_initial_seam (test_pencil_numbers.PencilNumbersTests.test_binding_is_bounded_to_static_numbers_fields_and_initial_seam) ... ok
test_completed_buttons_bind_actual_operator_properties_and_guard_reads_writes (test_pencil_numbers.PencilNumbersTests.test_completed_buttons_bind_actual_operator_properties_and_guard_reads_writes) ... ok
test_failed_initial_context_still_owns_type_guarded_disposal (test_pencil_numbers.PencilNumbersTests.test_failed_initial_context_still_owns_type_guarded_disposal) ... ok
test_pending_type_storage_shape_and_terminal_refusal_precede_cached_metadata (test_pencil_numbers.PencilNumbersTests.test_pending_type_storage_shape_and_terminal_refusal_precede_cached_metadata) ... ok
test_array_paste_accepts_complete_finite_values_only (test_pencil_numbers_expression.PencilNumbersExpressionTests.test_array_paste_accepts_complete_finite_values_only) ... ok
test_native_arithmetic_refuses_python_nonfinite_and_releases_every_parse (test_pencil_numbers_expression.PencilNumbersExpressionTests.test_native_arithmetic_refuses_python_nonfinite_and_releases_every_parse) ... ok
test_explicit_cancel_closes_before_decref_and_poll_refusal_disposes_once (test_pencil_numbers_lifecycle.PencilNumbersLifecycleTests.test_explicit_cancel_closes_before_decref_and_poll_refusal_disposes_once) ... ok
test_onfree_queues_python_disposal_until_enclosing_native_handler_detaches (test_pencil_numbers_lifecycle.PencilNumbersLifecycleTests.test_onfree_queues_python_disposal_until_enclosing_native_handler_detaches) ... ok
test_unregister_closes_before_disposal_restarts_live_lists_and_blocks_reentry (test_pencil_numbers_lifecycle.PencilNumbersLifecycleTests.test_unregister_closes_before_disposal_restarts_live_lists_and_blocks_reentry) ... ok
test_all_registered_allocations_stamp_and_python_copy_preserves_identity (test_pencil_operator_lifetime.PencilOperatorLifetimeTests.test_all_registered_allocations_stamp_and_python_copy_preserves_identity) ... ok
test_fresh_registry_lookup_refuses_missing_reloaded_and_reused_type (test_pencil_operator_lifetime.PencilOperatorLifetimeTests.test_fresh_registry_lookup_refuses_missing_reloaded_and_reused_type) ... ok
test_each_native_semantic_step_rechecks_but_all_owned_disposal_runs (test_pencil_popup_ownership.PencilPopupOwnershipTests.test_each_native_semantic_step_rechecks_but_all_owned_disposal_runs) ... ok
test_exhausted_root_nonce_refuses_before_argument_or_python_draw (test_pencil_popup_ownership.PencilPopupOwnershipTests.test_exhausted_root_nonce_refuses_before_argument_or_python_draw) ... ok
test_lookup_starts_at_live_registered_handlers_and_never_old_operator (test_pencil_popup_ownership.PencilPopupOwnershipTests.test_lookup_starts_at_live_registered_handlers_and_never_old_operator) ... ok
test_contact_capture_is_separate_from_hardware_and_native_dispatch_boundaries (test_pencil_ring_contacts.PencilRingContactTests.test_contact_capture_is_separate_from_hardware_and_native_dispatch_boundaries) ... ok
test_native_button_press_release_applies_once_and_leaves_child_open (test_pencil_ring_contacts.PencilRingContactTests.test_native_button_press_release_applies_once_and_leaves_child_open) ... ok
test_native_child_suspend_ends_only_navigation_and_preserves_home_receipt (test_pencil_ring_contacts.PencilRingContactTests.test_native_child_suspend_ends_only_navigation_and_preserves_home_receipt) ... ok
test_native_taps_rotation_cancel_redraw_and_old_terminals (test_pencil_ring_contacts.PencilRingContactTests.test_native_taps_rotation_cancel_redraw_and_old_terminals) ... ok
test_origin_and_contact_nonce_survive_retirement_and_never_retarget (test_pencil_ring_contacts.PencilRingContactTests.test_origin_and_contact_nonce_survive_retirement_and_never_retarget) ... ok
test_root_dispatch_requires_registered_owner_and_restores_only_live_context (test_pencil_ring_contacts.PencilRingContactTests.test_root_dispatch_requires_registered_owner_and_restores_only_live_context) ... ok
test_hover_roll_wrap_grip_filter_contact_and_reacquisition (test_pencil_ring_foundation.PencilRingFoundationTests.test_hover_roll_wrap_grip_filter_contact_and_reacquisition) ... ok
test_invalid_presentations_and_ten_thousand_cancelled_browses (test_pencil_ring_foundation.PencilRingFoundationTests.test_invalid_presentations_and_ten_thousand_cancelled_browses) ... ok
test_redraw_reset_and_cancellation_refuse_old_release (test_pencil_ring_foundation.PencilRingFoundationTests.test_redraw_reset_and_cancellation_refuse_old_release) ... ok
test_retired_lifetime_and_repeated_contact_cannot_retarget (test_pencil_ring_foundation.PencilRingFoundationTests.test_retired_lifetime_and_repeated_contact_cannot_retarget) ... ok
test_rotation_and_terminal_snap_never_select (test_pencil_ring_foundation.PencilRingFoundationTests.test_rotation_and_terminal_snap_never_select) ... ok
test_tap_uses_presented_identity_and_gap_closes (test_pencil_ring_foundation.PencilRingFoundationTests.test_tap_uses_presented_identity_and_gap_closes) ... ok
test_window_publication_retirement_reuse_and_navigation_independence (test_pencil_ring_foundation.PencilRingFoundationTests.test_window_publication_retirement_reuse_and_navigation_independence) ... ok
test_actual_widget_draw_resets_migrated_proof_before_every_render_route (test_pencil_ring_labels.PencilRingLabelTests.test_actual_widget_draw_resets_migrated_proof_before_every_render_route) ... ok
test_full_utf8_word_wrapping_bounds_refusal_and_font_floor (test_pencil_ring_labels.PencilRingLabelTests.test_full_utf8_word_wrapping_bounds_refusal_and_font_floor) ... ok
test_native_renderer_uses_exact_measured_lines_restores_style_and_leaves_legacy_widgets (test_pencil_ring_labels.PencilRingLabelTests.test_native_renderer_uses_exact_measured_lines_restores_style_and_leaves_legacy_widgets) ... ok
test_actual_resolved_draw_publishes_pixel_receipt_and_clipped_pages_stay_shielded (test_pencil_ring_native.PencilRingNativeTests.test_actual_resolved_draw_publishes_pixel_receipt_and_clipped_pages_stay_shielded) ... ok
test_draw_gate_requires_current_owned_generation_and_all_drawn_buttons (test_pencil_ring_native.PencilRingNativeTests.test_draw_gate_requires_current_owned_generation_and_all_drawn_buttons) ... ok
test_live_page_validation_short_circuits_owners_before_tool_lookup (test_pencil_ring_native.PencilRingNativeTests.test_live_page_validation_short_circuits_owners_before_tool_lookup) ... ok
test_native_draw_and_both_lookup_routes_use_the_gate (test_pencil_ring_native.PencilRingNativeTests.test_native_draw_and_both_lookup_routes_use_the_gate) ... ok
test_rebase_reacquires_exact_live_ring_target_and_blocks_until_draw (test_pencil_ring_native.PencilRingNativeTests.test_rebase_reacquires_exact_live_ring_target_and_blocks_until_draw) ... ok
test_requested_selection_enum_is_copied_and_only_native_targets_admitted (test_pencil_ring_native.PencilRingNativeTests.test_requested_selection_enum_is_copied_and_only_native_targets_admitted) ... ok
test_exact_classifier_propagates_anchor_and_touch_for_every_owned_menu (test_pencil_ring_pages.PencilRingPageTests.test_exact_classifier_propagates_anchor_and_touch_for_every_owned_menu) ... ok
test_native_page_builder_hides_overflow_and_binds_current_modes_and_transitions (test_pencil_ring_pages.PencilRingPageTests.test_native_page_builder_hides_overflow_and_binds_current_modes_and_transitions) ... ok
test_nine_visible_slots_stable_origin_all_phases_and_empty_center (test_pencil_ring_pages.PencilRingPageTests.test_nine_visible_slots_stable_origin_all_phases_and_empty_center) ... ok
test_native_roll_never_selects_and_stale_end_cannot_clear_reacquired_hover (test_pencil_ring_roll.PencilRingRollTests.test_native_roll_never_selects_and_stale_end_cannot_clear_reacquired_hover) ... ok
test_sensor_is_pencil_only_available_and_independent_of_coalesced_mouse_flags (test_pencil_ring_roll.PencilRingRollTests.test_sensor_is_pencil_only_available_and_independent_of_coalesced_mouse_flags) ... ok
test_sensor_packets_follow_hover_lifetime_boundaries_and_reacquisition (test_pencil_ring_roll.PencilRingRollTests.test_sensor_packets_follow_hover_lifetime_boundaries_and_reacquisition) ... ok
test_fine_and_combined_gizmo_roots_are_typed_find_only_and_consumers_rebind (test_pencil_rna_constructors.PencilRNAConstructorTests.test_fine_and_combined_gizmo_roots_are_typed_find_only_and_consumers_rebind) ... ok
test_orientation_slots_and_complete_native_snap_options_use_literal_paths (test_pencil_rna_constructors.PencilRNAConstructorTests.test_orientation_slots_and_complete_native_snap_options_use_literal_paths) ... ok
test_pending_constructor_scope_handoff_refresh_and_retired_bootstrap (test_pencil_rna_constructors.PencilRNAConstructorTests.test_pending_constructor_scope_handoff_refresh_and_retired_bootstrap) ... ok
test_real_python_layout_and_button_entrypoints_prepare_before_metadata (test_pencil_rna_constructors.PencilRNAConstructorTests.test_real_python_layout_and_button_entrypoints_prepare_before_metadata) ... ok
test_scene_fixed_profiles_refuse_unproved_metadata_and_repair_ancestors (test_pencil_rna_constructors.PencilRNAConstructorTests.test_scene_fixed_profiles_refuse_unproved_metadata_and_repair_ancestors) ... ok
test_each_fresh_id_root_and_full_pointer_ancestor_replacement (test_pencil_rna_owner.PencilRNAOwnerTests.test_each_fresh_id_root_and_full_pointer_ancestor_replacement) ... ok
test_frozen_context_tool_rebinds_and_unproved_pointer_entries_refuse (test_pencil_rna_owner.PencilRNAOwnerTests.test_frozen_context_tool_rebinds_and_unproved_pointer_entries_refuse) ... ok
test_native_operator_and_gizmo_subgroups_are_find_only_and_context_specific (test_pencil_rna_owner.PencilRNAOwnerTests.test_native_operator_and_gizmo_subgroups_are_find_only_and_context_specific) ... ok
test_nested_native_idproperty_array_and_default_materialization (test_pencil_rna_owner.PencilRNAOwnerTests.test_nested_native_idproperty_array_and_default_materialization) ... ok
test_removed_main_owner_refuses_before_candidate_dereference (test_pencil_rna_owner.PencilRNAOwnerTests.test_removed_main_owner_refuses_before_candidate_dereference) ... ok
test_runtime_idproperty_or_callback_loss_refuses_before_ensuring_or_next_read (test_pencil_rna_owner.PencilRNAOwnerTests.test_runtime_idproperty_or_callback_loss_refuses_before_ensuring_or_next_read) ... ok
test_uid_reuse_history_excursions_brush_and_storage_replacement_refuse (test_pencil_rna_owner.PencilRNAOwnerTests.test_uid_reuse_history_excursions_brush_and_storage_replacement_refuse) ... ok
test_native_snap_normalization_preserves_shift_and_only_exact_profile (test_pencil_self_callback.PencilSelfCallbackTests.test_native_snap_normalization_preserves_shift_and_only_exact_profile) ... ok
test_outer_apply_and_event_refuse_before_cancel_restoration_or_writes (test_pencil_self_callback.PencilSelfCallbackTests.test_outer_apply_and_event_refuse_before_cancel_restoration_or_writes) ... ok
test_property_operator_admission_precedes_writable_pointer_exposure (test_pencil_self_callback.PencilSelfCallbackTests.test_property_operator_admission_precedes_writable_pointer_exposure) ... ok
test_redraw_receipts_and_callback_mutation_do_not_launder_capability (test_pencil_self_callback.PencilSelfCallbackTests.test_redraw_receipts_and_callback_mutation_do_not_launder_capability) ... ok
test_refuses_forged_callback_tag_arguments_binding_and_unknown_self (test_pencil_self_callback.PencilSelfCallbackTests.test_refuses_forged_callback_tag_arguments_binding_and_unknown_self) ... ok
test_type_conversion_retires_old_self_argument_before_old_button_free (test_pencil_self_callback.PencilSelfCallbackTests.test_type_conversion_retires_old_self_argument_before_old_button_free) ... ok

======================================================================
ERROR: test_native_child_draw_refusal_and_memcpy_transfer_preserve_origin (test_pencil_action_origin.PencilActionOriginTests.test_native_child_draw_refusal_and_memcpy_transfer_preserve_origin)
----------------------------------------------------------------------
Traceback (most recent call last):
  File "D:\dev\Projects\Repos\blendpad\blender-ipad-unofficial\build\test_pencil_action_origin.py", line 132, in test_native_child_draw_refusal_and_memcpy_transfer_preserve_origin
            test_ipad_panels.IPadWorkspacePanelsTests()._run_source(ring_source().replace('#pragma once','')+r'''
            ~~~~~~~~~~~~~~~~~~~~~~~~~~~~~~~~~~~~~~~~~~~~~~~~~~~~~~~^^^^^^^^^^^^^^^^^^^^^^^^^^^^^^^^^^^^^^^^^^^^^^
    #include <cassert>
    ^^^^^^^^^^^^^^^^^^
    ...<45 lines>...
    }
    ^
    ''')
    ^^^^
  File "D:\dev\Projects\Repos\blendpad\blender-ipad-unofficial\build\test_ipad_panels.py", line 37, in _run_source
    subprocess.run([compiler, '-std=c++17', '-Wall', '-Wextra', '-Werror', '-pedantic',
    ~~~~~~~~~~~~~~^^^^^^^^^^^^^^^^^^^^^^^^^^^^^^^^^^^^^^^^^^^^^^^^^^^^^^^^^^^^^^^^^^^^^
                    str(test), '-o', str(binary)], cwd=work, check=True)
                    ^^^^^^^^^^^^^^^^^^^^^^^^^^^^^^^^^^^^^^^^^^^^^^^^^^^^
  File "C:\Users\tjerf\anaconda3\Lib\subprocess.py", line 577, in run
    raise CalledProcessError(retcode, process.args,
                             output=stdout, stderr=stderr)
subprocess.CalledProcessError: Command '['C:\\Program Files\\LLVM\\bin\\clang++.exe', '-std=c++17', '-Wall', '-Wextra', '-Werror', '-pedantic', 'C:\\Users\\tjerf\\AppData\\Local\\Temp\\ipad-workspace-test-x1qz7a0u\\test.cc', '-o', 'C:\\Users\\tjerf\\AppData\\Local\\Temp\\ipad-workspace-test-x1qz7a0u\\tests.exe']' returned non-zero exit status 1.

----------------------------------------------------------------------
Ran 85 tests in 103.562s

FAILED (errors=1)
